Archive member included because of file (symbol)

c:/imt_sdk_win_64/imt_sdk_win_64/winavr/bin/../lib/gcc/avr/4.3.3/avr5\libgcc.a(_mulsi3.o)
                              ./MCAL/ADC/ADC_Program.o (__mulsi3)
c:/imt_sdk_win_64/imt_sdk_win_64/winavr/bin/../lib/gcc/avr/4.3.3/avr5\libgcc.a(_divmodhi4.o)
                              ./MCAL/Timer/Timer_Program.o (__divmodhi4)
c:/imt_sdk_win_64/imt_sdk_win_64/winavr/bin/../lib/gcc/avr/4.3.3/avr5\libgcc.a(_udivmodsi4.o)
                              ./MCAL/Timer/Timer_Program.o (__udivmodsi4)
c:/imt_sdk_win_64/imt_sdk_win_64/winavr/bin/../lib/gcc/avr/4.3.3/avr5\libgcc.a(_divmodsi4.o)
                              ./MCAL/ADC/ADC_Program.o (__divmodsi4)
c:/imt_sdk_win_64/imt_sdk_win_64/winavr/bin/../lib/gcc/avr/4.3.3/avr5\libgcc.a(_exit.o)
                              c:/imt_sdk_win_64/imt_sdk_win_64/winavr/bin/../lib/gcc/avr/4.3.3/../../../../avr/lib/avr5/crtm32.o (exit)
c:/imt_sdk_win_64/imt_sdk_win_64/winavr/bin/../lib/gcc/avr/4.3.3/avr5\libgcc.a(_copy_data.o)
                              ./MCAL/Timer/Timer_Program.o (__do_copy_data)
c:/imt_sdk_win_64/imt_sdk_win_64/winavr/bin/../lib/gcc/avr/4.3.3/avr5\libgcc.a(_clear_bss.o)
                              ./MCAL/Timer/Timer_Program.o (__do_clear_bss)
c:/imt_sdk_win_64/imt_sdk_win_64/winavr/bin/../lib/gcc/avr/4.3.3/avr5\libgcc.a(_fixunssfsi.o)
                              ./HAL/LCD/CLCD_Program.o (__fixunssfsi)
c:/imt_sdk_win_64/imt_sdk_win_64/winavr/bin/../lib/gcc/avr/4.3.3/avr5\libgcc.a(_addsub_sf.o)
                              c:/imt_sdk_win_64/imt_sdk_win_64/winavr/bin/../lib/gcc/avr/4.3.3/avr5\libgcc.a(_fixunssfsi.o) (__subsf3)
c:/imt_sdk_win_64/imt_sdk_win_64/winavr/bin/../lib/gcc/avr/4.3.3/avr5\libgcc.a(_mul_sf.o)
                              ./HAL/LCD/CLCD_Program.o (__mulsf3)
c:/imt_sdk_win_64/imt_sdk_win_64/winavr/bin/../lib/gcc/avr/4.3.3/avr5\libgcc.a(_gt_sf.o)
                              ./HAL/LCD/CLCD_Program.o (__gtsf2)
c:/imt_sdk_win_64/imt_sdk_win_64/winavr/bin/../lib/gcc/avr/4.3.3/avr5\libgcc.a(_ge_sf.o)
                              c:/imt_sdk_win_64/imt_sdk_win_64/winavr/bin/../lib/gcc/avr/4.3.3/avr5\libgcc.a(_fixunssfsi.o) (__gesf2)
c:/imt_sdk_win_64/imt_sdk_win_64/winavr/bin/../lib/gcc/avr/4.3.3/avr5\libgcc.a(_lt_sf.o)
                              ./HAL/LCD/CLCD_Program.o (__ltsf2)
c:/imt_sdk_win_64/imt_sdk_win_64/winavr/bin/../lib/gcc/avr/4.3.3/avr5\libgcc.a(_sf_to_si.o)
                              c:/imt_sdk_win_64/imt_sdk_win_64/winavr/bin/../lib/gcc/avr/4.3.3/avr5\libgcc.a(_fixunssfsi.o) (__fixsfsi)
c:/imt_sdk_win_64/imt_sdk_win_64/winavr/bin/../lib/gcc/avr/4.3.3/avr5\libgcc.a(_thenan_sf.o)
                              c:/imt_sdk_win_64/imt_sdk_win_64/winavr/bin/../lib/gcc/avr/4.3.3/avr5\libgcc.a(_addsub_sf.o) (__thenan_sf)
c:/imt_sdk_win_64/imt_sdk_win_64/winavr/bin/../lib/gcc/avr/4.3.3/avr5\libgcc.a(_udivmodhi4.o)
                              c:/imt_sdk_win_64/imt_sdk_win_64/winavr/bin/../lib/gcc/avr/4.3.3/avr5\libgcc.a(_divmodhi4.o) (__udivmodhi4)
c:/imt_sdk_win_64/imt_sdk_win_64/winavr/bin/../lib/gcc/avr/4.3.3/avr5\libgcc.a(_prologue.o)
                              c:/imt_sdk_win_64/imt_sdk_win_64/winavr/bin/../lib/gcc/avr/4.3.3/avr5\libgcc.a(_addsub_sf.o) (__prologue_saves__)
c:/imt_sdk_win_64/imt_sdk_win_64/winavr/bin/../lib/gcc/avr/4.3.3/avr5\libgcc.a(_epilogue.o)
                              c:/imt_sdk_win_64/imt_sdk_win_64/winavr/bin/../lib/gcc/avr/4.3.3/avr5\libgcc.a(_addsub_sf.o) (__epilogue_restores__)
c:/imt_sdk_win_64/imt_sdk_win_64/winavr/bin/../lib/gcc/avr/4.3.3/avr5\libgcc.a(_pack_sf.o)
                              c:/imt_sdk_win_64/imt_sdk_win_64/winavr/bin/../lib/gcc/avr/4.3.3/avr5\libgcc.a(_addsub_sf.o) (__pack_f)
c:/imt_sdk_win_64/imt_sdk_win_64/winavr/bin/../lib/gcc/avr/4.3.3/avr5\libgcc.a(_unpack_sf.o)
                              c:/imt_sdk_win_64/imt_sdk_win_64/winavr/bin/../lib/gcc/avr/4.3.3/avr5\libgcc.a(_addsub_sf.o) (__unpack_f)
c:/imt_sdk_win_64/imt_sdk_win_64/winavr/bin/../lib/gcc/avr/4.3.3/avr5\libgcc.a(_fpcmp_parts_sf.o)
                              c:/imt_sdk_win_64/imt_sdk_win_64/winavr/bin/../lib/gcc/avr/4.3.3/avr5\libgcc.a(_gt_sf.o) (__fpcmp_parts_f)
c:/imt_sdk_win_64/imt_sdk_win_64/winavr/bin/../lib/gcc/avr/4.3.3/../../../../avr/lib/avr5\libc.a(snprintf.o)
                              ./HAL/LCD/CLCD_Program.o (snprintf)
c:/imt_sdk_win_64/imt_sdk_win_64/winavr/bin/../lib/gcc/avr/4.3.3/../../../../avr/lib/avr5\libc.a(sprintf.o)
                              ./HAL/LCD/CLCD_Program.o (sprintf)
c:/imt_sdk_win_64/imt_sdk_win_64/winavr/bin/../lib/gcc/avr/4.3.3/../../../../avr/lib/avr5\libc.a(vfprintf_std.o)
                              c:/imt_sdk_win_64/imt_sdk_win_64/winavr/bin/../lib/gcc/avr/4.3.3/../../../../avr/lib/avr5\libc.a(snprintf.o) (vfprintf)
c:/imt_sdk_win_64/imt_sdk_win_64/winavr/bin/../lib/gcc/avr/4.3.3/../../../../avr/lib/avr5\libc.a(strnlen_P.o)
                              c:/imt_sdk_win_64/imt_sdk_win_64/winavr/bin/../lib/gcc/avr/4.3.3/../../../../avr/lib/avr5\libc.a(vfprintf_std.o) (strnlen_P)
c:/imt_sdk_win_64/imt_sdk_win_64/winavr/bin/../lib/gcc/avr/4.3.3/../../../../avr/lib/avr5\libc.a(strnlen.o)
                              c:/imt_sdk_win_64/imt_sdk_win_64/winavr/bin/../lib/gcc/avr/4.3.3/../../../../avr/lib/avr5\libc.a(vfprintf_std.o) (strnlen)
c:/imt_sdk_win_64/imt_sdk_win_64/winavr/bin/../lib/gcc/avr/4.3.3/../../../../avr/lib/avr5\libc.a(fputc.o)
                              c:/imt_sdk_win_64/imt_sdk_win_64/winavr/bin/../lib/gcc/avr/4.3.3/../../../../avr/lib/avr5\libc.a(vfprintf_std.o) (fputc)
c:/imt_sdk_win_64/imt_sdk_win_64/winavr/bin/../lib/gcc/avr/4.3.3/../../../../avr/lib/avr5\libc.a(ultoa_invert.o)
                              c:/imt_sdk_win_64/imt_sdk_win_64/winavr/bin/../lib/gcc/avr/4.3.3/../../../../avr/lib/avr5\libc.a(vfprintf_std.o) (__ultoa_invert)

Allocating common symbols
Common symbol       size              file

Global_u16Duty      0x2               ./main.o
Global_u16OnTime    0x2               ./main.o

Memory Configuration

Name             Origin             Length             Attributes
text             0x00000000         0x00020000         xr
data             0x00800060         0x0000ffa0         rw !x
eeprom           0x00810000         0x00010000         rw !x
fuse             0x00820000         0x00000400         rw !x
lock             0x00830000         0x00000400         rw !x
signature        0x00840000         0x00000400         rw !x
*default*        0x00000000         0xffffffff

Linker script and memory map

LOAD c:/imt_sdk_win_64/imt_sdk_win_64/winavr/bin/../lib/gcc/avr/4.3.3/../../../../avr/lib/avr5/crtm32.o
LOAD ./MCAL/Timer/Timer_Program.o
LOAD ./MCAL/GIE/GIE_Program.o
LOAD ./MCAL/DIO/DIO_Program.o
LOAD ./MCAL/ADC/ADC_Program.o
LOAD ./HAL/LCD/CLCD_Program.o
LOAD ./main.o
LOAD c:/imt_sdk_win_64/imt_sdk_win_64/winavr/bin/../lib/gcc/avr/4.3.3/avr5\libgcc.a
LOAD c:/imt_sdk_win_64/imt_sdk_win_64/winavr/bin/../lib/gcc/avr/4.3.3/../../../../avr/lib/avr5\libc.a
LOAD c:/imt_sdk_win_64/imt_sdk_win_64/winavr/bin/../lib/gcc/avr/4.3.3/avr5\libgcc.a

.hash
 *(.hash)

.dynsym
 *(.dynsym)

.dynstr
 *(.dynstr)

.gnu.version
 *(.gnu.version)

.gnu.version_d
 *(.gnu.version_d)

.gnu.version_r
 *(.gnu.version_r)

.rel.init
 *(.rel.init)

.rela.init
 *(.rela.init)

.rel.text
 *(.rel.text)
 *(.rel.text.*)
 *(.rel.gnu.linkonce.t*)

.rela.text
 *(.rela.text)
 *(.rela.text.*)
 *(.rela.gnu.linkonce.t*)

.rel.fini
 *(.rel.fini)

.rela.fini
 *(.rela.fini)

.rel.rodata
 *(.rel.rodata)
 *(.rel.rodata.*)
 *(.rel.gnu.linkonce.r*)

.rela.rodata
 *(.rela.rodata)
 *(.rela.rodata.*)
 *(.rela.gnu.linkonce.r*)

.rel.data
 *(.rel.data)
 *(.rel.data.*)
 *(.rel.gnu.linkonce.d*)

.rela.data
 *(.rela.data)
 *(.rela.data.*)
 *(.rela.gnu.linkonce.d*)

.rel.ctors
 *(.rel.ctors)

.rela.ctors
 *(.rela.ctors)

.rel.dtors
 *(.rel.dtors)

.rela.dtors
 *(.rela.dtors)

.rel.got
 *(.rel.got)

.rela.got
 *(.rela.got)

.rel.bss
 *(.rel.bss)

.rela.bss
 *(.rela.bss)

.rel.plt
 *(.rel.plt)

.rela.plt
 *(.rela.plt)

.text           0x00000000     0x2e78
 *(.vectors)
 .vectors       0x00000000       0x54 c:/imt_sdk_win_64/imt_sdk_win_64/winavr/bin/../lib/gcc/avr/4.3.3/../../../../avr/lib/avr5/crtm32.o
                0x00000000                __vectors
                0x00000000                __vector_default
 *(.vectors)
 *(.progmem.gcc*)
 *(.progmem*)
                0x00000054                . = ALIGN (0x2)
                0x00000054                __trampolines_start = .
 *(.trampolines)
 .trampolines   0x00000054        0x0 linker stubs
 *(.trampolines*)
                0x00000054                __trampolines_end = .
 *(.jumptables)
 *(.jumptables*)
 *(.lowtext)
 *(.lowtext*)
                0x00000054                __ctors_start = .
 *(.ctors)
                0x00000054                __ctors_end = .
                0x00000054                __dtors_start = .
 *(.dtors)
                0x00000054                __dtors_end = .
 SORT(*)(.ctors)
 SORT(*)(.dtors)
 *(.init0)
 .init0         0x00000054        0x0 c:/imt_sdk_win_64/imt_sdk_win_64/winavr/bin/../lib/gcc/avr/4.3.3/../../../../avr/lib/avr5/crtm32.o
                0x00000054                __init
 *(.init0)
 *(.init1)
 *(.init1)
 *(.init2)
 .init2         0x00000054        0xc c:/imt_sdk_win_64/imt_sdk_win_64/winavr/bin/../lib/gcc/avr/4.3.3/../../../../avr/lib/avr5/crtm32.o
 *(.init2)
 *(.init3)
 *(.init3)
 *(.init4)
 .init4         0x00000060       0x16 c:/imt_sdk_win_64/imt_sdk_win_64/winavr/bin/../lib/gcc/avr/4.3.3/avr5\libgcc.a(_copy_data.o)
                0x00000060                __do_copy_data
 .init4         0x00000076       0x10 c:/imt_sdk_win_64/imt_sdk_win_64/winavr/bin/../lib/gcc/avr/4.3.3/avr5\libgcc.a(_clear_bss.o)
                0x00000076                __do_clear_bss
 *(.init4)
 *(.init5)
 *(.init5)
 *(.init6)
 *(.init6)
 *(.init7)
 *(.init7)
 *(.init8)
 *(.init8)
 *(.init9)
 .init9         0x00000086        0x8 c:/imt_sdk_win_64/imt_sdk_win_64/winavr/bin/../lib/gcc/avr/4.3.3/../../../../avr/lib/avr5/crtm32.o
 *(.init9)
 *(.text)
 .text          0x0000008e        0x4 c:/imt_sdk_win_64/imt_sdk_win_64/winavr/bin/../lib/gcc/avr/4.3.3/../../../../avr/lib/avr5/crtm32.o
                0x0000008e                __vector_1
                0x0000008e                __vector_12
                0x0000008e                __bad_interrupt
                0x0000008e                __vector_3
                0x0000008e                __vector_11
                0x0000008e                __vector_13
                0x0000008e                __vector_17
                0x0000008e                __vector_19
                0x0000008e                __vector_7
                0x0000008e                __vector_5
                0x0000008e                __vector_4
                0x0000008e                __vector_9
                0x0000008e                __vector_2
                0x0000008e                __vector_15
                0x0000008e                __vector_8
                0x0000008e                __vector_14
                0x0000008e                __vector_16
                0x0000008e                __vector_18
                0x0000008e                __vector_20
 .text          0x00000092        0x0 ./MCAL/Timer/Timer_Program.o
 .text          0x00000092        0x0 ./MCAL/GIE/GIE_Program.o
 .text          0x00000092        0x0 ./MCAL/DIO/DIO_Program.o
 .text          0x00000092        0x0 ./MCAL/ADC/ADC_Program.o
 .text          0x00000092        0x0 ./HAL/LCD/CLCD_Program.o
 .text          0x00000092        0x0 ./main.o
 .text          0x00000092        0x0 c:/imt_sdk_win_64/imt_sdk_win_64/winavr/bin/../lib/gcc/avr/4.3.3/avr5\libgcc.a(_mulsi3.o)
 .text          0x00000092        0x0 c:/imt_sdk_win_64/imt_sdk_win_64/winavr/bin/../lib/gcc/avr/4.3.3/avr5\libgcc.a(_divmodhi4.o)
 .text          0x00000092        0x0 c:/imt_sdk_win_64/imt_sdk_win_64/winavr/bin/../lib/gcc/avr/4.3.3/avr5\libgcc.a(_udivmodsi4.o)
 .text          0x00000092        0x0 c:/imt_sdk_win_64/imt_sdk_win_64/winavr/bin/../lib/gcc/avr/4.3.3/avr5\libgcc.a(_divmodsi4.o)
 .text          0x00000092        0x0 c:/imt_sdk_win_64/imt_sdk_win_64/winavr/bin/../lib/gcc/avr/4.3.3/avr5\libgcc.a(_exit.o)
 .text          0x00000092        0x0 c:/imt_sdk_win_64/imt_sdk_win_64/winavr/bin/../lib/gcc/avr/4.3.3/avr5\libgcc.a(_copy_data.o)
 .text          0x00000092        0x0 c:/imt_sdk_win_64/imt_sdk_win_64/winavr/bin/../lib/gcc/avr/4.3.3/avr5\libgcc.a(_clear_bss.o)
 .text          0x00000092       0x58 c:/imt_sdk_win_64/imt_sdk_win_64/winavr/bin/../lib/gcc/avr/4.3.3/avr5\libgcc.a(_fixunssfsi.o)
                0x00000092                __fixunssfsi
 .text          0x000000ea      0x354 c:/imt_sdk_win_64/imt_sdk_win_64/winavr/bin/../lib/gcc/avr/4.3.3/avr5\libgcc.a(_addsub_sf.o)
                0x00000382                __subsf3
                0x000003e4                __addsf3
 .text          0x0000043e      0x1f4 c:/imt_sdk_win_64/imt_sdk_win_64/winavr/bin/../lib/gcc/avr/4.3.3/avr5\libgcc.a(_mul_sf.o)
                0x0000043e                __mulsf3
 .text          0x00000632       0x60 c:/imt_sdk_win_64/imt_sdk_win_64/winavr/bin/../lib/gcc/avr/4.3.3/avr5\libgcc.a(_gt_sf.o)
                0x00000632                __gtsf2
 .text          0x00000692       0x60 c:/imt_sdk_win_64/imt_sdk_win_64/winavr/bin/../lib/gcc/avr/4.3.3/avr5\libgcc.a(_ge_sf.o)
                0x00000692                __gesf2
 .text          0x000006f2       0x60 c:/imt_sdk_win_64/imt_sdk_win_64/winavr/bin/../lib/gcc/avr/4.3.3/avr5\libgcc.a(_lt_sf.o)
                0x000006f2                __ltsf2
 .text          0x00000752       0xa8 c:/imt_sdk_win_64/imt_sdk_win_64/winavr/bin/../lib/gcc/avr/4.3.3/avr5\libgcc.a(_sf_to_si.o)
                0x00000752                __fixsfsi
 .text          0x000007fa        0x0 c:/imt_sdk_win_64/imt_sdk_win_64/winavr/bin/../lib/gcc/avr/4.3.3/avr5\libgcc.a(_thenan_sf.o)
 .text          0x000007fa        0x0 c:/imt_sdk_win_64/imt_sdk_win_64/winavr/bin/../lib/gcc/avr/4.3.3/avr5\libgcc.a(_udivmodhi4.o)
 .text          0x000007fa        0x0 c:/imt_sdk_win_64/imt_sdk_win_64/winavr/bin/../lib/gcc/avr/4.3.3/avr5\libgcc.a(_prologue.o)
 .text          0x000007fa        0x0 c:/imt_sdk_win_64/imt_sdk_win_64/winavr/bin/../lib/gcc/avr/4.3.3/avr5\libgcc.a(_epilogue.o)
 .text          0x000007fa      0x1aa c:/imt_sdk_win_64/imt_sdk_win_64/winavr/bin/../lib/gcc/avr/4.3.3/avr5\libgcc.a(_pack_sf.o)
                0x000007fa                __pack_f
 .text          0x000009a4       0xf0 c:/imt_sdk_win_64/imt_sdk_win_64/winavr/bin/../lib/gcc/avr/4.3.3/avr5\libgcc.a(_unpack_sf.o)
                0x000009a4                __unpack_f
 .text          0x00000a94       0xb2 c:/imt_sdk_win_64/imt_sdk_win_64/winavr/bin/../lib/gcc/avr/4.3.3/avr5\libgcc.a(_fpcmp_parts_sf.o)
                0x00000a94                __fpcmp_parts_f
 .text          0x00000b46        0x0 c:/imt_sdk_win_64/imt_sdk_win_64/winavr/bin/../lib/gcc/avr/4.3.3/../../../../avr/lib/avr5\libc.a(snprintf.o)
 .text          0x00000b46        0x0 c:/imt_sdk_win_64/imt_sdk_win_64/winavr/bin/../lib/gcc/avr/4.3.3/../../../../avr/lib/avr5\libc.a(sprintf.o)
 .text          0x00000b46        0x0 c:/imt_sdk_win_64/imt_sdk_win_64/winavr/bin/../lib/gcc/avr/4.3.3/../../../../avr/lib/avr5\libc.a(vfprintf_std.o)
 .text          0x00000b46        0x0 c:/imt_sdk_win_64/imt_sdk_win_64/winavr/bin/../lib/gcc/avr/4.3.3/../../../../avr/lib/avr5\libc.a(strnlen_P.o)
 .text          0x00000b46        0x0 c:/imt_sdk_win_64/imt_sdk_win_64/winavr/bin/../lib/gcc/avr/4.3.3/../../../../avr/lib/avr5\libc.a(strnlen.o)
 .text          0x00000b46        0x0 c:/imt_sdk_win_64/imt_sdk_win_64/winavr/bin/../lib/gcc/avr/4.3.3/../../../../avr/lib/avr5\libc.a(fputc.o)
 .text          0x00000b46        0x0 c:/imt_sdk_win_64/imt_sdk_win_64/winavr/bin/../lib/gcc/avr/4.3.3/../../../../avr/lib/avr5\libc.a(ultoa_invert.o)
                0x00000b46                . = ALIGN (0x2)
 *(.text.*)
 .text.TIMER0_VidInit
                0x00000b46      0x334 ./MCAL/Timer/Timer_Program.o
                0x00000b46                TIMER0_VidInit
 .text.TIMER0_VidDutyCycleSelector_Normal
                0x00000e7a       0x30 ./MCAL/Timer/Timer_Program.o
                0x00000e7a                TIMER0_VidDutyCycleSelector_Normal
 .text.TIMER0_VidDutyCycleSelector_Reversed
                0x00000eaa       0x32 ./MCAL/Timer/Timer_Program.o
                0x00000eaa                TIMER0_VidDutyCycleSelector_Reversed
 .text.TIMER0_VidStopTimer
                0x00000edc       0x1c ./MCAL/Timer/Timer_Program.o
                0x00000edc                TIMER0_VidStopTimer
 .text.TIMER1_VidInit
                0x00000ef8      0x1b0 ./MCAL/Timer/Timer_Program.o
                0x00000ef8                TIMER1_VidInit
 .text.TIMER1_VidSetCompareMatchOutputMode
                0x000010a8       0xd6 ./MCAL/Timer/Timer_Program.o
                0x000010a8                TIMER1_VidSetCompareMatchOutputMode
 .text.TIMER1_VidSetCompareVal
                0x0000117e       0x56 ./MCAL/Timer/Timer_Program.o
                0x0000117e                TIMER1_VidSetCompareVal
 .text.TIMER1_VidSetDutyCycleNormal
                0x000011d4       0x9a ./MCAL/Timer/Timer_Program.o
                0x000011d4                TIMER1_VidSetDutyCycleNormal
 .text.TIMER1_VidSetDutyCycleReversed
                0x0000126e       0xa6 ./MCAL/Timer/Timer_Program.o
                0x0000126e                TIMER1_VidSetDutyCycleReversed
 .text.TIMER1_VidSetTopOVF
                0x00001314       0x24 ./MCAL/Timer/Timer_Program.o
                0x00001314                TIMER1_VidSetTopOVF
 .text.TIMER1_VidStopTimer
                0x00001338       0x1c ./MCAL/Timer/Timer_Program.o
                0x00001338                TIMER1_VidStopTimer
 .text.TIMER1_VidICU_INT_Status
                0x00001354       0x3e ./MCAL/Timer/Timer_Program.o
                0x00001354                TIMER1_VidICU_INT_Status
 .text.TIMER1_VidICU_TriggerStatus
                0x00001392       0x3e ./MCAL/Timer/Timer_Program.o
                0x00001392                TIMER1_VidICU_TriggerStatus
 .text.TIMER1_VidICU_NoiseCanceller
                0x000013d0       0x3e ./MCAL/Timer/Timer_Program.o
                0x000013d0                TIMER1_VidICU_NoiseCanceller
 .text.TIMER1_VidICURead
                0x0000140e       0x16 ./MCAL/Timer/Timer_Program.o
                0x0000140e                TIMER1_VidICURead
 .text.TIMER1_ICU_SetCallBack
                0x00001424       0x2c ./MCAL/Timer/Timer_Program.o
                0x00001424                TIMER1_ICU_SetCallBack
 .text.__vector_6
                0x00001450       0x66 ./MCAL/Timer/Timer_Program.o
                0x00001450                __vector_6
 .text.TIMER0_SetCallBack
                0x000014b6       0x2c ./MCAL/Timer/Timer_Program.o
                0x000014b6                TIMER0_SetCallBack
 .text.__vector_10
                0x000014e2       0x66 ./MCAL/Timer/Timer_Program.o
                0x000014e2                __vector_10
 .text.GIE_VidEnable
                0x00001548       0x1c ./MCAL/GIE/GIE_Program.o
                0x00001548                GIE_VidEnable
 .text.GIE_VidDisable
                0x00001564       0x1c ./MCAL/GIE/GIE_Program.o
                0x00001564                GIE_VidDisable
 .text.DIO_VidSetPinValue
                0x00001580      0x204 ./MCAL/DIO/DIO_Program.o
                0x00001580                DIO_VidSetPinValue
 .text.DIO_VidSetPinDirection
                0x00001784      0x204 ./MCAL/DIO/DIO_Program.o
                0x00001784                DIO_VidSetPinDirection
 .text.DIO_VidGetPinValue
                0x00001988      0x108 ./MCAL/DIO/DIO_Program.o
                0x00001988                DIO_VidGetPinValue
 .text.DIO_VidSetPortVal
                0x00001a90       0x84 ./MCAL/DIO/DIO_Program.o
                0x00001a90                DIO_VidSetPortVal
 .text.DIO_VidSetPortDirection
                0x00001b14       0xf6 ./MCAL/DIO/DIO_Program.o
                0x00001b14                DIO_VidSetPortDirection
 .text.DIO_VidGetPortValue
                0x00001c0a       0x9a ./MCAL/DIO/DIO_Program.o
                0x00001c0a                DIO_VidGetPortValue
 .text.ADC_VidInit
                0x00001ca4       0x70 ./MCAL/ADC/ADC_Program.o
                0x00001ca4                ADC_VidInit
 .text.ADC_u8ReadChannel
                0x00001d14       0x6a ./MCAL/ADC/ADC_Program.o
                0x00001d14                ADC_u8ReadChannel
 .text.ADC_VidMapping
                0x00001d7e      0x122 ./MCAL/ADC/ADC_Program.o
                0x00001d7e                ADC_VidMapping
 .text.ADC_f32LCDVoltConv
                0x00001ea0       0x40 ./MCAL/ADC/ADC_Program.o
                0x00001ea0                ADC_f32LCDVoltConv
 .text.CLCD_VidSendCommand
                0x00001ee0      0x13c ./HAL/LCD/CLCD_Program.o
                0x00001ee0                CLCD_VidSendCommand
 .text.ClCD_VidSendData
                0x0000201c      0x13c ./HAL/LCD/CLCD_Program.o
                0x0000201c                ClCD_VidSendData
 .text.CLCD_VidInit
                0x00002158      0x11c ./HAL/LCD/CLCD_Program.o
                0x00002158                CLCD_VidInit
 .text.CLCD_VidGotoXY
                0x00002274       0x3e ./HAL/LCD/CLCD_Program.o
                0x00002274                CLCD_VidGotoXY
 .text.CLCD_VidWriteSpecialChar
                0x000022b2       0x82 ./HAL/LCD/CLCD_Program.o
                0x000022b2                CLCD_VidWriteSpecialChar
 .text.CLCD_VidSendString
                0x00002334       0x52 ./HAL/LCD/CLCD_Program.o
                0x00002334                CLCD_VidSendString
 .text.CLCD_VidLcdClear
                0x00002386       0x14 ./HAL/LCD/CLCD_Program.o
                0x00002386                CLCD_VidLcdClear
 .text.CLCD_VidSendNumber
                0x0000239a       0x50 ./HAL/LCD/CLCD_Program.o
                0x0000239a                CLCD_VidSendNumber
 .text.CLCD_VidSendFloatNumber
                0x000023ea       0x86 ./HAL/LCD/CLCD_Program.o
                0x000023ea                CLCD_VidSendFloatNumber
 .text.Timer1ICU_VidTaks1
                0x00002470       0xb4 ./main.o
                0x00002470                Timer1ICU_VidTaks1
 .text.main     0x00002524      0x238 ./main.o
                0x00002524                main
 .text.libgcc   0x0000275c       0x3e c:/imt_sdk_win_64/imt_sdk_win_64/winavr/bin/../lib/gcc/avr/4.3.3/avr5\libgcc.a(_mulsi3.o)
                0x0000275c                __mulsi3
 .text.libgcc   0x0000279a       0x26 c:/imt_sdk_win_64/imt_sdk_win_64/winavr/bin/../lib/gcc/avr/4.3.3/avr5\libgcc.a(_divmodhi4.o)
                0x0000279a                __divmodhi4
                0x0000279a                _div
 .text.libgcc   0x000027c0       0x44 c:/imt_sdk_win_64/imt_sdk_win_64/winavr/bin/../lib/gcc/avr/4.3.3/avr5\libgcc.a(_udivmodsi4.o)
                0x000027c0                __udivmodsi4
 .text.libgcc   0x00002804       0x36 c:/imt_sdk_win_64/imt_sdk_win_64/winavr/bin/../lib/gcc/avr/4.3.3/avr5\libgcc.a(_divmodsi4.o)
                0x00002804                __divmodsi4
 .text.libgcc   0x0000283a        0x0 c:/imt_sdk_win_64/imt_sdk_win_64/winavr/bin/../lib/gcc/avr/4.3.3/avr5\libgcc.a(_exit.o)
 .text.libgcc   0x0000283a        0x0 c:/imt_sdk_win_64/imt_sdk_win_64/winavr/bin/../lib/gcc/avr/4.3.3/avr5\libgcc.a(_copy_data.o)
 .text.libgcc   0x0000283a        0x0 c:/imt_sdk_win_64/imt_sdk_win_64/winavr/bin/../lib/gcc/avr/4.3.3/avr5\libgcc.a(_clear_bss.o)
 .text.libgcc   0x0000283a       0x28 c:/imt_sdk_win_64/imt_sdk_win_64/winavr/bin/../lib/gcc/avr/4.3.3/avr5\libgcc.a(_udivmodhi4.o)
                0x0000283a                __udivmodhi4
 .text.libgcc   0x00002862       0x38 c:/imt_sdk_win_64/imt_sdk_win_64/winavr/bin/../lib/gcc/avr/4.3.3/avr5\libgcc.a(_prologue.o)
                0x00002862                __prologue_saves__
 .text.libgcc   0x0000289a       0x36 c:/imt_sdk_win_64/imt_sdk_win_64/winavr/bin/../lib/gcc/avr/4.3.3/avr5\libgcc.a(_epilogue.o)
                0x0000289a                __epilogue_restores__
 .text.avr-libc
                0x000028d0       0x62 c:/imt_sdk_win_64/imt_sdk_win_64/winavr/bin/../lib/gcc/avr/4.3.3/../../../../avr/lib/avr5\libc.a(snprintf.o)
                0x000028d0                snprintf
 .text.avr-libc
                0x00002932       0x48 c:/imt_sdk_win_64/imt_sdk_win_64/winavr/bin/../lib/gcc/avr/4.3.3/../../../../avr/lib/avr5\libc.a(sprintf.o)
                0x00002932                sprintf
 .text.avr-libc
                0x0000297a      0x3ba c:/imt_sdk_win_64/imt_sdk_win_64/winavr/bin/../lib/gcc/avr/4.3.3/../../../../avr/lib/avr5\libc.a(vfprintf_std.o)
                0x0000297a                vfprintf
 .text.avr-libc
                0x00002d34       0x16 c:/imt_sdk_win_64/imt_sdk_win_64/winavr/bin/../lib/gcc/avr/4.3.3/../../../../avr/lib/avr5\libc.a(strnlen_P.o)
                0x00002d34                strnlen_P
 .text.avr-libc
                0x00002d4a       0x16 c:/imt_sdk_win_64/imt_sdk_win_64/winavr/bin/../lib/gcc/avr/4.3.3/../../../../avr/lib/avr5\libc.a(strnlen.o)
                0x00002d4a                strnlen
 .text.avr-libc
                0x00002d60       0x58 c:/imt_sdk_win_64/imt_sdk_win_64/winavr/bin/../lib/gcc/avr/4.3.3/../../../../avr/lib/avr5\libc.a(fputc.o)
                0x00002d60                fputc
 .text.avr-libc
                0x00002db8       0xbc c:/imt_sdk_win_64/imt_sdk_win_64/winavr/bin/../lib/gcc/avr/4.3.3/../../../../avr/lib/avr5\libc.a(ultoa_invert.o)
                0x00002db8                __ultoa_invert
                0x00002e74                . = ALIGN (0x2)
 *(.fini9)
 .fini9         0x00002e74        0x0 c:/imt_sdk_win_64/imt_sdk_win_64/winavr/bin/../lib/gcc/avr/4.3.3/avr5\libgcc.a(_exit.o)
                0x00002e74                exit
                0x00002e74                _exit
 *(.fini9)
 *(.fini8)
 *(.fini8)
 *(.fini7)
 *(.fini7)
 *(.fini6)
 *(.fini6)
 *(.fini5)
 *(.fini5)
 *(.fini4)
 *(.fini4)
 *(.fini3)
 *(.fini3)
 *(.fini2)
 *(.fini2)
 *(.fini1)
 *(.fini1)
 *(.fini0)
 .fini0         0x00002e74        0x4 c:/imt_sdk_win_64/imt_sdk_win_64/winavr/bin/../lib/gcc/avr/4.3.3/avr5\libgcc.a(_exit.o)
 *(.fini0)
                0x00002e78                _etext = .

.data           0x00800060       0x34 load address 0x00002e78
                0x00800060                PROVIDE (__data_start, .)
 *(.data)
 .data          0x00800060        0x0 c:/imt_sdk_win_64/imt_sdk_win_64/winavr/bin/../lib/gcc/avr/4.3.3/../../../../avr/lib/avr5/crtm32.o
 .data          0x00800060        0x0 ./MCAL/Timer/Timer_Program.o
 .data          0x00800060        0x0 ./MCAL/GIE/GIE_Program.o
 .data          0x00800060        0x0 ./MCAL/DIO/DIO_Program.o
 .data          0x00800060        0x0 ./MCAL/ADC/ADC_Program.o
 .data          0x00800060        0x3 ./HAL/LCD/CLCD_Program.o
 .data          0x00800063       0x17 ./main.o
 .data          0x0080007a        0x0 c:/imt_sdk_win_64/imt_sdk_win_64/winavr/bin/../lib/gcc/avr/4.3.3/avr5\libgcc.a(_mulsi3.o)
 .data          0x0080007a        0x0 c:/imt_sdk_win_64/imt_sdk_win_64/winavr/bin/../lib/gcc/avr/4.3.3/avr5\libgcc.a(_divmodhi4.o)
 .data          0x0080007a        0x0 c:/imt_sdk_win_64/imt_sdk_win_64/winavr/bin/../lib/gcc/avr/4.3.3/avr5\libgcc.a(_udivmodsi4.o)
 .data          0x0080007a        0x0 c:/imt_sdk_win_64/imt_sdk_win_64/winavr/bin/../lib/gcc/avr/4.3.3/avr5\libgcc.a(_divmodsi4.o)
 .data          0x0080007a        0x0 c:/imt_sdk_win_64/imt_sdk_win_64/winavr/bin/../lib/gcc/avr/4.3.3/avr5\libgcc.a(_exit.o)
 .data          0x0080007a        0x0 c:/imt_sdk_win_64/imt_sdk_win_64/winavr/bin/../lib/gcc/avr/4.3.3/avr5\libgcc.a(_copy_data.o)
 .data          0x0080007a        0x0 c:/imt_sdk_win_64/imt_sdk_win_64/winavr/bin/../lib/gcc/avr/4.3.3/avr5\libgcc.a(_clear_bss.o)
 .data          0x0080007a        0x0 c:/imt_sdk_win_64/imt_sdk_win_64/winavr/bin/../lib/gcc/avr/4.3.3/avr5\libgcc.a(_fixunssfsi.o)
 .data          0x0080007a        0x0 c:/imt_sdk_win_64/imt_sdk_win_64/winavr/bin/../lib/gcc/avr/4.3.3/avr5\libgcc.a(_addsub_sf.o)
 .data          0x0080007a        0x0 c:/imt_sdk_win_64/imt_sdk_win_64/winavr/bin/../lib/gcc/avr/4.3.3/avr5\libgcc.a(_mul_sf.o)
 .data          0x0080007a        0x0 c:/imt_sdk_win_64/imt_sdk_win_64/winavr/bin/../lib/gcc/avr/4.3.3/avr5\libgcc.a(_gt_sf.o)
 .data          0x0080007a        0x0 c:/imt_sdk_win_64/imt_sdk_win_64/winavr/bin/../lib/gcc/avr/4.3.3/avr5\libgcc.a(_ge_sf.o)
 .data          0x0080007a        0x0 c:/imt_sdk_win_64/imt_sdk_win_64/winavr/bin/../lib/gcc/avr/4.3.3/avr5\libgcc.a(_lt_sf.o)
 .data          0x0080007a        0x0 c:/imt_sdk_win_64/imt_sdk_win_64/winavr/bin/../lib/gcc/avr/4.3.3/avr5\libgcc.a(_sf_to_si.o)
 .data          0x0080007a        0x8 c:/imt_sdk_win_64/imt_sdk_win_64/winavr/bin/../lib/gcc/avr/4.3.3/avr5\libgcc.a(_thenan_sf.o)
                0x0080007a                __thenan_sf
 .data          0x00800082        0x0 c:/imt_sdk_win_64/imt_sdk_win_64/winavr/bin/../lib/gcc/avr/4.3.3/avr5\libgcc.a(_udivmodhi4.o)
 .data          0x00800082        0x0 c:/imt_sdk_win_64/imt_sdk_win_64/winavr/bin/../lib/gcc/avr/4.3.3/avr5\libgcc.a(_prologue.o)
 .data          0x00800082        0x0 c:/imt_sdk_win_64/imt_sdk_win_64/winavr/bin/../lib/gcc/avr/4.3.3/avr5\libgcc.a(_epilogue.o)
 .data          0x00800082        0x0 c:/imt_sdk_win_64/imt_sdk_win_64/winavr/bin/../lib/gcc/avr/4.3.3/avr5\libgcc.a(_pack_sf.o)
 .data          0x00800082        0x0 c:/imt_sdk_win_64/imt_sdk_win_64/winavr/bin/../lib/gcc/avr/4.3.3/avr5\libgcc.a(_unpack_sf.o)
 .data          0x00800082        0x0 c:/imt_sdk_win_64/imt_sdk_win_64/winavr/bin/../lib/gcc/avr/4.3.3/avr5\libgcc.a(_fpcmp_parts_sf.o)
 .data          0x00800082        0x0 c:/imt_sdk_win_64/imt_sdk_win_64/winavr/bin/../lib/gcc/avr/4.3.3/../../../../avr/lib/avr5\libc.a(snprintf.o)
 .data          0x00800082        0x0 c:/imt_sdk_win_64/imt_sdk_win_64/winavr/bin/../lib/gcc/avr/4.3.3/../../../../avr/lib/avr5\libc.a(sprintf.o)
 .data          0x00800082        0x0 c:/imt_sdk_win_64/imt_sdk_win_64/winavr/bin/../lib/gcc/avr/4.3.3/../../../../avr/lib/avr5\libc.a(vfprintf_std.o)
 .data          0x00800082        0x0 c:/imt_sdk_win_64/imt_sdk_win_64/winavr/bin/../lib/gcc/avr/4.3.3/../../../../avr/lib/avr5\libc.a(strnlen_P.o)
 .data          0x00800082        0x0 c:/imt_sdk_win_64/imt_sdk_win_64/winavr/bin/../lib/gcc/avr/4.3.3/../../../../avr/lib/avr5\libc.a(strnlen.o)
 .data          0x00800082        0x0 c:/imt_sdk_win_64/imt_sdk_win_64/winavr/bin/../lib/gcc/avr/4.3.3/../../../../avr/lib/avr5\libc.a(fputc.o)
 .data          0x00800082        0x0 c:/imt_sdk_win_64/imt_sdk_win_64/winavr/bin/../lib/gcc/avr/4.3.3/../../../../avr/lib/avr5\libc.a(ultoa_invert.o)
 *(.data*)
 .data.timer_0  0x00800082        0x6 ./MCAL/Timer/Timer_Program.o
                0x00800082                timer_0
 .data.timer1_init
                0x00800088        0x4 ./MCAL/Timer/Timer_Program.o
                0x00800088                timer1_init
 .data.timer1_comparematch
                0x0080008c        0x2 ./MCAL/Timer/Timer_Program.o
                0x0080008c                timer1_comparematch
 .data.timer1_compareval
                0x0080008e        0x3 ./MCAL/Timer/Timer_Program.o
                0x0080008e                timer1_compareval
 .data.timer1_dutycycle
                0x00800091        0x3 ./MCAL/Timer/Timer_Program.o
                0x00800091                timer1_dutycycle
 *(.rodata)
 *(.rodata*)
 *(.gnu.linkonce.d*)
                0x00800094                . = ALIGN (0x2)
                0x00800094                _edata = .
                0x00800094                PROVIDE (__data_end, .)

.bss            0x00800094        0xf
                0x00800094                PROVIDE (__bss_start, .)
 *(.bss)
 .bss           0x00800094        0x0 c:/imt_sdk_win_64/imt_sdk_win_64/winavr/bin/../lib/gcc/avr/4.3.3/../../../../avr/lib/avr5/crtm32.o
 .bss           0x00800094        0x0 ./MCAL/Timer/Timer_Program.o
 .bss           0x00800094        0x0 ./MCAL/GIE/GIE_Program.o
 .bss           0x00800094        0x0 ./MCAL/DIO/DIO_Program.o
 .bss           0x00800094        0x0 ./MCAL/ADC/ADC_Program.o
 .bss           0x00800094        0x0 ./HAL/LCD/CLCD_Program.o
 .bss           0x00800094        0x0 ./main.o
 .bss           0x00800094        0x0 c:/imt_sdk_win_64/imt_sdk_win_64/winavr/bin/../lib/gcc/avr/4.3.3/avr5\libgcc.a(_mulsi3.o)
 .bss           0x00800094        0x0 c:/imt_sdk_win_64/imt_sdk_win_64/winavr/bin/../lib/gcc/avr/4.3.3/avr5\libgcc.a(_divmodhi4.o)
 .bss           0x00800094        0x0 c:/imt_sdk_win_64/imt_sdk_win_64/winavr/bin/../lib/gcc/avr/4.3.3/avr5\libgcc.a(_udivmodsi4.o)
 .bss           0x00800094        0x0 c:/imt_sdk_win_64/imt_sdk_win_64/winavr/bin/../lib/gcc/avr/4.3.3/avr5\libgcc.a(_divmodsi4.o)
 .bss           0x00800094        0x0 c:/imt_sdk_win_64/imt_sdk_win_64/winavr/bin/../lib/gcc/avr/4.3.3/avr5\libgcc.a(_exit.o)
 .bss           0x00800094        0x0 c:/imt_sdk_win_64/imt_sdk_win_64/winavr/bin/../lib/gcc/avr/4.3.3/avr5\libgcc.a(_copy_data.o)
 .bss           0x00800094        0x0 c:/imt_sdk_win_64/imt_sdk_win_64/winavr/bin/../lib/gcc/avr/4.3.3/avr5\libgcc.a(_clear_bss.o)
 .bss           0x00800094        0x0 c:/imt_sdk_win_64/imt_sdk_win_64/winavr/bin/../lib/gcc/avr/4.3.3/avr5\libgcc.a(_fixunssfsi.o)
 .bss           0x00800094        0x0 c:/imt_sdk_win_64/imt_sdk_win_64/winavr/bin/../lib/gcc/avr/4.3.3/avr5\libgcc.a(_addsub_sf.o)
 .bss           0x00800094        0x0 c:/imt_sdk_win_64/imt_sdk_win_64/winavr/bin/../lib/gcc/avr/4.3.3/avr5\libgcc.a(_mul_sf.o)
 .bss           0x00800094        0x0 c:/imt_sdk_win_64/imt_sdk_win_64/winavr/bin/../lib/gcc/avr/4.3.3/avr5\libgcc.a(_gt_sf.o)
 .bss           0x00800094        0x0 c:/imt_sdk_win_64/imt_sdk_win_64/winavr/bin/../lib/gcc/avr/4.3.3/avr5\libgcc.a(_ge_sf.o)
 .bss           0x00800094        0x0 c:/imt_sdk_win_64/imt_sdk_win_64/winavr/bin/../lib/gcc/avr/4.3.3/avr5\libgcc.a(_lt_sf.o)
 .bss           0x00800094        0x0 c:/imt_sdk_win_64/imt_sdk_win_64/winavr/bin/../lib/gcc/avr/4.3.3/avr5\libgcc.a(_sf_to_si.o)
 .bss           0x00800094        0x0 c:/imt_sdk_win_64/imt_sdk_win_64/winavr/bin/../lib/gcc/avr/4.3.3/avr5\libgcc.a(_thenan_sf.o)
 .bss           0x00800094        0x0 c:/imt_sdk_win_64/imt_sdk_win_64/winavr/bin/../lib/gcc/avr/4.3.3/avr5\libgcc.a(_udivmodhi4.o)
 .bss           0x00800094        0x0 c:/imt_sdk_win_64/imt_sdk_win_64/winavr/bin/../lib/gcc/avr/4.3.3/avr5\libgcc.a(_prologue.o)
 .bss           0x00800094        0x0 c:/imt_sdk_win_64/imt_sdk_win_64/winavr/bin/../lib/gcc/avr/4.3.3/avr5\libgcc.a(_epilogue.o)
 .bss           0x00800094        0x0 c:/imt_sdk_win_64/imt_sdk_win_64/winavr/bin/../lib/gcc/avr/4.3.3/avr5\libgcc.a(_pack_sf.o)
 .bss           0x00800094        0x0 c:/imt_sdk_win_64/imt_sdk_win_64/winavr/bin/../lib/gcc/avr/4.3.3/avr5\libgcc.a(_unpack_sf.o)
 .bss           0x00800094        0x0 c:/imt_sdk_win_64/imt_sdk_win_64/winavr/bin/../lib/gcc/avr/4.3.3/avr5\libgcc.a(_fpcmp_parts_sf.o)
 .bss           0x00800094        0x0 c:/imt_sdk_win_64/imt_sdk_win_64/winavr/bin/../lib/gcc/avr/4.3.3/../../../../avr/lib/avr5\libc.a(snprintf.o)
 .bss           0x00800094        0x0 c:/imt_sdk_win_64/imt_sdk_win_64/winavr/bin/../lib/gcc/avr/4.3.3/../../../../avr/lib/avr5\libc.a(sprintf.o)
 .bss           0x00800094        0x0 c:/imt_sdk_win_64/imt_sdk_win_64/winavr/bin/../lib/gcc/avr/4.3.3/../../../../avr/lib/avr5\libc.a(vfprintf_std.o)
 .bss           0x00800094        0x0 c:/imt_sdk_win_64/imt_sdk_win_64/winavr/bin/../lib/gcc/avr/4.3.3/../../../../avr/lib/avr5\libc.a(strnlen_P.o)
 .bss           0x00800094        0x0 c:/imt_sdk_win_64/imt_sdk_win_64/winavr/bin/../lib/gcc/avr/4.3.3/../../../../avr/lib/avr5\libc.a(strnlen.o)
 .bss           0x00800094        0x0 c:/imt_sdk_win_64/imt_sdk_win_64/winavr/bin/../lib/gcc/avr/4.3.3/../../../../avr/lib/avr5\libc.a(fputc.o)
 .bss           0x00800094        0x0 c:/imt_sdk_win_64/imt_sdk_win_64/winavr/bin/../lib/gcc/avr/4.3.3/../../../../avr/lib/avr5\libc.a(ultoa_invert.o)
 *(.bss*)
 .bss.TIMER1_ICU_SetCallBackFunc
                0x00800094        0x2 ./MCAL/Timer/Timer_Program.o
 .bss.TIMER0_SetCallBackFunc
                0x00800096        0x2 ./MCAL/Timer/Timer_Program.o
 .bss.Local_u8Counter.1756
                0x00800098        0x1 ./main.o
 .bss.Local_u8ICUSnap3.1755
                0x00800099        0x2 ./main.o
 .bss.Local_u8ICUSnap2.1754
                0x0080009b        0x2 ./main.o
 .bss.Local_u8ICUSnap1.1753
                0x0080009d        0x2 ./main.o
 *(COMMON)
 COMMON         0x0080009f        0x4 ./main.o
                0x0080009f                Global_u16Duty
                0x008000a1                Global_u16OnTime
                0x008000a3                PROVIDE (__bss_end, .)
                0x00002e78                __data_load_start = LOADADDR (.data)
                0x00002eac                __data_load_end = (__data_load_start + SIZEOF (.data))

.noinit         0x008000a3        0x0
                0x008000a3                PROVIDE (__noinit_start, .)
 *(.noinit*)
                0x008000a3                PROVIDE (__noinit_end, .)
                0x008000a3                _end = .
                0x008000a3                PROVIDE (__heap_start, .)

.eeprom         0x00810000        0x0
 *(.eeprom*)
                0x00810000                __eeprom_end = .

.fuse
 *(.fuse)
 *(.lfuse)
 *(.hfuse)
 *(.efuse)

.lock
 *(.lock*)

.signature
 *(.signature*)

.stab           0x00000000     0x25f8
 *(.stab)
 .stab          0x00000000      0xb88 ./MCAL/Timer/Timer_Program.o
 .stab          0x00000b88      0x1bc ./MCAL/GIE/GIE_Program.o
                                0x1c8 (size before relaxing)
 .stab          0x00000d44      0x57c ./MCAL/DIO/DIO_Program.o
                                0x588 (size before relaxing)
 .stab          0x000012c0      0x3a8 ./MCAL/ADC/ADC_Program.o
                                0x3b4 (size before relaxing)
 .stab          0x00001668      0xa20 ./HAL/LCD/CLCD_Program.o
                                0xa2c (size before relaxing)
 .stab          0x00002088      0x570 ./main.o
                                0x87c (size before relaxing)

.stabstr        0x00000000     0x20a1
 *(.stabstr)
 .stabstr       0x00000000     0x20a1 ./MCAL/Timer/Timer_Program.o

.stab.excl
 *(.stab.excl)

.stab.exclstr
 *(.stab.exclstr)

.stab.index
 *(.stab.index)

.stab.indexstr
 *(.stab.indexstr)

.comment
 *(.comment)

.debug
 *(.debug)

.line
 *(.line)

.debug_srcinfo
 *(.debug_srcinfo)

.debug_sfnames
 *(.debug_sfnames)

.debug_aranges  0x00000000      0x140
 *(.debug_aranges)
 .debug_aranges
                0x00000000       0x20 c:/imt_sdk_win_64/imt_sdk_win_64/winavr/bin/../lib/gcc/avr/4.3.3/avr5\libgcc.a(_fixunssfsi.o)
 .debug_aranges
                0x00000020       0x20 c:/imt_sdk_win_64/imt_sdk_win_64/winavr/bin/../lib/gcc/avr/4.3.3/avr5\libgcc.a(_addsub_sf.o)
 .debug_aranges
                0x00000040       0x20 c:/imt_sdk_win_64/imt_sdk_win_64/winavr/bin/../lib/gcc/avr/4.3.3/avr5\libgcc.a(_mul_sf.o)
 .debug_aranges
                0x00000060       0x20 c:/imt_sdk_win_64/imt_sdk_win_64/winavr/bin/../lib/gcc/avr/4.3.3/avr5\libgcc.a(_gt_sf.o)
 .debug_aranges
                0x00000080       0x20 c:/imt_sdk_win_64/imt_sdk_win_64/winavr/bin/../lib/gcc/avr/4.3.3/avr5\libgcc.a(_ge_sf.o)
 .debug_aranges
                0x000000a0       0x20 c:/imt_sdk_win_64/imt_sdk_win_64/winavr/bin/../lib/gcc/avr/4.3.3/avr5\libgcc.a(_lt_sf.o)
 .debug_aranges
                0x000000c0       0x20 c:/imt_sdk_win_64/imt_sdk_win_64/winavr/bin/../lib/gcc/avr/4.3.3/avr5\libgcc.a(_sf_to_si.o)
 .debug_aranges
                0x000000e0       0x20 c:/imt_sdk_win_64/imt_sdk_win_64/winavr/bin/../lib/gcc/avr/4.3.3/avr5\libgcc.a(_pack_sf.o)
 .debug_aranges
                0x00000100       0x20 c:/imt_sdk_win_64/imt_sdk_win_64/winavr/bin/../lib/gcc/avr/4.3.3/avr5\libgcc.a(_unpack_sf.o)
 .debug_aranges
                0x00000120       0x20 c:/imt_sdk_win_64/imt_sdk_win_64/winavr/bin/../lib/gcc/avr/4.3.3/avr5\libgcc.a(_fpcmp_parts_sf.o)

.debug_pubnames
                0x00000000      0x170
 *(.debug_pubnames)
 .debug_pubnames
                0x00000000       0x23 c:/imt_sdk_win_64/imt_sdk_win_64/winavr/bin/../lib/gcc/avr/4.3.3/avr5\libgcc.a(_fixunssfsi.o)
 .debug_pubnames
                0x00000023       0x2c c:/imt_sdk_win_64/imt_sdk_win_64/winavr/bin/../lib/gcc/avr/4.3.3/avr5\libgcc.a(_addsub_sf.o)
 .debug_pubnames
                0x0000004f       0x1f c:/imt_sdk_win_64/imt_sdk_win_64/winavr/bin/../lib/gcc/avr/4.3.3/avr5\libgcc.a(_mul_sf.o)
 .debug_pubnames
                0x0000006e       0x1e c:/imt_sdk_win_64/imt_sdk_win_64/winavr/bin/../lib/gcc/avr/4.3.3/avr5\libgcc.a(_gt_sf.o)
 .debug_pubnames
                0x0000008c       0x1e c:/imt_sdk_win_64/imt_sdk_win_64/winavr/bin/../lib/gcc/avr/4.3.3/avr5\libgcc.a(_ge_sf.o)
 .debug_pubnames
                0x000000aa       0x1e c:/imt_sdk_win_64/imt_sdk_win_64/winavr/bin/../lib/gcc/avr/4.3.3/avr5\libgcc.a(_lt_sf.o)
 .debug_pubnames
                0x000000c8       0x20 c:/imt_sdk_win_64/imt_sdk_win_64/winavr/bin/../lib/gcc/avr/4.3.3/avr5\libgcc.a(_sf_to_si.o)
 .debug_pubnames
                0x000000e8       0x22 c:/imt_sdk_win_64/imt_sdk_win_64/winavr/bin/../lib/gcc/avr/4.3.3/avr5\libgcc.a(_thenan_sf.o)
 .debug_pubnames
                0x0000010a       0x1f c:/imt_sdk_win_64/imt_sdk_win_64/winavr/bin/../lib/gcc/avr/4.3.3/avr5\libgcc.a(_pack_sf.o)
 .debug_pubnames
                0x00000129       0x21 c:/imt_sdk_win_64/imt_sdk_win_64/winavr/bin/../lib/gcc/avr/4.3.3/avr5\libgcc.a(_unpack_sf.o)
 .debug_pubnames
                0x0000014a       0x26 c:/imt_sdk_win_64/imt_sdk_win_64/winavr/bin/../lib/gcc/avr/4.3.3/avr5\libgcc.a(_fpcmp_parts_sf.o)

.debug_info     0x00000000     0x1c49
 *(.debug_info)
 .debug_info    0x00000000       0xb1 c:/imt_sdk_win_64/imt_sdk_win_64/winavr/bin/../lib/gcc/avr/4.3.3/avr5\libgcc.a(_fixunssfsi.o)
 .debug_info    0x000000b1      0x47a c:/imt_sdk_win_64/imt_sdk_win_64/winavr/bin/../lib/gcc/avr/4.3.3/avr5\libgcc.a(_addsub_sf.o)
 .debug_info    0x0000052b      0x485 c:/imt_sdk_win_64/imt_sdk_win_64/winavr/bin/../lib/gcc/avr/4.3.3/avr5\libgcc.a(_mul_sf.o)
 .debug_info    0x000009b0      0x27f c:/imt_sdk_win_64/imt_sdk_win_64/winavr/bin/../lib/gcc/avr/4.3.3/avr5\libgcc.a(_gt_sf.o)
 .debug_info    0x00000c2f      0x27f c:/imt_sdk_win_64/imt_sdk_win_64/winavr/bin/../lib/gcc/avr/4.3.3/avr5\libgcc.a(_ge_sf.o)
 .debug_info    0x00000eae      0x27f c:/imt_sdk_win_64/imt_sdk_win_64/winavr/bin/../lib/gcc/avr/4.3.3/avr5\libgcc.a(_lt_sf.o)
 .debug_info    0x0000112d      0x2b0 c:/imt_sdk_win_64/imt_sdk_win_64/winavr/bin/../lib/gcc/avr/4.3.3/avr5\libgcc.a(_sf_to_si.o)
 .debug_info    0x000013dd      0x12c c:/imt_sdk_win_64/imt_sdk_win_64/winavr/bin/../lib/gcc/avr/4.3.3/avr5\libgcc.a(_thenan_sf.o)
 .debug_info    0x00001509      0x2df c:/imt_sdk_win_64/imt_sdk_win_64/winavr/bin/../lib/gcc/avr/4.3.3/avr5\libgcc.a(_pack_sf.o)
 .debug_info    0x000017e8      0x251 c:/imt_sdk_win_64/imt_sdk_win_64/winavr/bin/../lib/gcc/avr/4.3.3/avr5\libgcc.a(_unpack_sf.o)
 .debug_info    0x00001a39      0x210 c:/imt_sdk_win_64/imt_sdk_win_64/winavr/bin/../lib/gcc/avr/4.3.3/avr5\libgcc.a(_fpcmp_parts_sf.o)
 *(.gnu.linkonce.wi.*)

.debug_abbrev   0x00000000      0xeeb
 *(.debug_abbrev)
 .debug_abbrev  0x00000000       0x5d c:/imt_sdk_win_64/imt_sdk_win_64/winavr/bin/../lib/gcc/avr/4.3.3/avr5\libgcc.a(_fixunssfsi.o)
 .debug_abbrev  0x0000005d      0x1ea c:/imt_sdk_win_64/imt_sdk_win_64/winavr/bin/../lib/gcc/avr/4.3.3/avr5\libgcc.a(_addsub_sf.o)
 .debug_abbrev  0x00000247      0x21b c:/imt_sdk_win_64/imt_sdk_win_64/winavr/bin/../lib/gcc/avr/4.3.3/avr5\libgcc.a(_mul_sf.o)
 .debug_abbrev  0x00000462      0x15a c:/imt_sdk_win_64/imt_sdk_win_64/winavr/bin/../lib/gcc/avr/4.3.3/avr5\libgcc.a(_gt_sf.o)
 .debug_abbrev  0x000005bc      0x15a c:/imt_sdk_win_64/imt_sdk_win_64/winavr/bin/../lib/gcc/avr/4.3.3/avr5\libgcc.a(_ge_sf.o)
 .debug_abbrev  0x00000716      0x15a c:/imt_sdk_win_64/imt_sdk_win_64/winavr/bin/../lib/gcc/avr/4.3.3/avr5\libgcc.a(_lt_sf.o)
 .debug_abbrev  0x00000870      0x17f c:/imt_sdk_win_64/imt_sdk_win_64/winavr/bin/../lib/gcc/avr/4.3.3/avr5\libgcc.a(_sf_to_si.o)
 .debug_abbrev  0x000009ef       0xad c:/imt_sdk_win_64/imt_sdk_win_64/winavr/bin/../lib/gcc/avr/4.3.3/avr5\libgcc.a(_thenan_sf.o)
 .debug_abbrev  0x00000a9c      0x1c0 c:/imt_sdk_win_64/imt_sdk_win_64/winavr/bin/../lib/gcc/avr/4.3.3/avr5\libgcc.a(_pack_sf.o)
 .debug_abbrev  0x00000c5c      0x154 c:/imt_sdk_win_64/imt_sdk_win_64/winavr/bin/../lib/gcc/avr/4.3.3/avr5\libgcc.a(_unpack_sf.o)
 .debug_abbrev  0x00000db0      0x13b c:/imt_sdk_win_64/imt_sdk_win_64/winavr/bin/../lib/gcc/avr/4.3.3/avr5\libgcc.a(_fpcmp_parts_sf.o)

.debug_line     0x00000000      0xdad
 *(.debug_line)
 .debug_line    0x00000000       0xa7 c:/imt_sdk_win_64/imt_sdk_win_64/winavr/bin/../lib/gcc/avr/4.3.3/avr5\libgcc.a(_fixunssfsi.o)
 .debug_line    0x000000a7      0x2af c:/imt_sdk_win_64/imt_sdk_win_64/winavr/bin/../lib/gcc/avr/4.3.3/avr5\libgcc.a(_addsub_sf.o)
 .debug_line    0x00000356      0x239 c:/imt_sdk_win_64/imt_sdk_win_64/winavr/bin/../lib/gcc/avr/4.3.3/avr5\libgcc.a(_mul_sf.o)
 .debug_line    0x0000058f       0xd3 c:/imt_sdk_win_64/imt_sdk_win_64/winavr/bin/../lib/gcc/avr/4.3.3/avr5\libgcc.a(_gt_sf.o)
 .debug_line    0x00000662       0xd3 c:/imt_sdk_win_64/imt_sdk_win_64/winavr/bin/../lib/gcc/avr/4.3.3/avr5\libgcc.a(_ge_sf.o)
 .debug_line    0x00000735       0xd3 c:/imt_sdk_win_64/imt_sdk_win_64/winavr/bin/../lib/gcc/avr/4.3.3/avr5\libgcc.a(_lt_sf.o)
 .debug_line    0x00000808      0x109 c:/imt_sdk_win_64/imt_sdk_win_64/winavr/bin/../lib/gcc/avr/4.3.3/avr5\libgcc.a(_sf_to_si.o)
 .debug_line    0x00000911       0x90 c:/imt_sdk_win_64/imt_sdk_win_64/winavr/bin/../lib/gcc/avr/4.3.3/avr5\libgcc.a(_thenan_sf.o)
 .debug_line    0x000009a1      0x18a c:/imt_sdk_win_64/imt_sdk_win_64/winavr/bin/../lib/gcc/avr/4.3.3/avr5\libgcc.a(_pack_sf.o)
 .debug_line    0x00000b2b      0x14b c:/imt_sdk_win_64/imt_sdk_win_64/winavr/bin/../lib/gcc/avr/4.3.3/avr5\libgcc.a(_unpack_sf.o)
 .debug_line    0x00000c76      0x137 c:/imt_sdk_win_64/imt_sdk_win_64/winavr/bin/../lib/gcc/avr/4.3.3/avr5\libgcc.a(_fpcmp_parts_sf.o)

.debug_frame    0x00000000      0x160
 *(.debug_frame)
 .debug_frame   0x00000000       0x20 c:/imt_sdk_win_64/imt_sdk_win_64/winavr/bin/../lib/gcc/avr/4.3.3/avr5\libgcc.a(_fixunssfsi.o)
 .debug_frame   0x00000020       0x40 c:/imt_sdk_win_64/imt_sdk_win_64/winavr/bin/../lib/gcc/avr/4.3.3/avr5\libgcc.a(_addsub_sf.o)
 .debug_frame   0x00000060       0x20 c:/imt_sdk_win_64/imt_sdk_win_64/winavr/bin/../lib/gcc/avr/4.3.3/avr5\libgcc.a(_mul_sf.o)
 .debug_frame   0x00000080       0x20 c:/imt_sdk_win_64/imt_sdk_win_64/winavr/bin/../lib/gcc/avr/4.3.3/avr5\libgcc.a(_gt_sf.o)
 .debug_frame   0x000000a0       0x20 c:/imt_sdk_win_64/imt_sdk_win_64/winavr/bin/../lib/gcc/avr/4.3.3/avr5\libgcc.a(_ge_sf.o)
 .debug_frame   0x000000c0       0x20 c:/imt_sdk_win_64/imt_sdk_win_64/winavr/bin/../lib/gcc/avr/4.3.3/avr5\libgcc.a(_lt_sf.o)
 .debug_frame   0x000000e0       0x20 c:/imt_sdk_win_64/imt_sdk_win_64/winavr/bin/../lib/gcc/avr/4.3.3/avr5\libgcc.a(_sf_to_si.o)
 .debug_frame   0x00000100       0x20 c:/imt_sdk_win_64/imt_sdk_win_64/winavr/bin/../lib/gcc/avr/4.3.3/avr5\libgcc.a(_pack_sf.o)
 .debug_frame   0x00000120       0x20 c:/imt_sdk_win_64/imt_sdk_win_64/winavr/bin/../lib/gcc/avr/4.3.3/avr5\libgcc.a(_unpack_sf.o)
 .debug_frame   0x00000140       0x20 c:/imt_sdk_win_64/imt_sdk_win_64/winavr/bin/../lib/gcc/avr/4.3.3/avr5\libgcc.a(_fpcmp_parts_sf.o)

.debug_str      0x00000000      0x28d
 *(.debug_str)
 .debug_str     0x00000000       0xbf c:/imt_sdk_win_64/imt_sdk_win_64/winavr/bin/../lib/gcc/avr/4.3.3/avr5\libgcc.a(_fixunssfsi.o)
                                 0xfe (size before relaxing)
 .debug_str     0x000000bf      0x14d c:/imt_sdk_win_64/imt_sdk_win_64/winavr/bin/../lib/gcc/avr/4.3.3/avr5\libgcc.a(_addsub_sf.o)
                                0x206 (size before relaxing)
 .debug_str     0x0000020c       0x27 c:/imt_sdk_win_64/imt_sdk_win_64/winavr/bin/../lib/gcc/avr/4.3.3/avr5\libgcc.a(_mul_sf.o)
                                0x1bf (size before relaxing)
 .debug_str     0x00000233        0xf c:/imt_sdk_win_64/imt_sdk_win_64/winavr/bin/../lib/gcc/avr/4.3.3/avr5\libgcc.a(_gt_sf.o)
                                0x195 (size before relaxing)
 .debug_str     0x00000242        0x8 c:/imt_sdk_win_64/imt_sdk_win_64/winavr/bin/../lib/gcc/avr/4.3.3/avr5\libgcc.a(_ge_sf.o)
                                0x195 (size before relaxing)
 .debug_str     0x0000024a        0x8 c:/imt_sdk_win_64/imt_sdk_win_64/winavr/bin/../lib/gcc/avr/4.3.3/avr5\libgcc.a(_lt_sf.o)
                                0x195 (size before relaxing)
 .debug_str     0x00000252        0xa c:/imt_sdk_win_64/imt_sdk_win_64/winavr/bin/../lib/gcc/avr/4.3.3/avr5\libgcc.a(_sf_to_si.o)
                                0x19e (size before relaxing)
 .debug_str     0x00000000      0x103 c:/imt_sdk_win_64/imt_sdk_win_64/winavr/bin/../lib/gcc/avr/4.3.3/avr5\libgcc.a(_thenan_sf.o)
 .debug_str     0x0000025c       0x16 c:/imt_sdk_win_64/imt_sdk_win_64/winavr/bin/../lib/gcc/avr/4.3.3/avr5\libgcc.a(_pack_sf.o)
                                0x19d (size before relaxing)
 .debug_str     0x00000272        0xb c:/imt_sdk_win_64/imt_sdk_win_64/winavr/bin/../lib/gcc/avr/4.3.3/avr5\libgcc.a(_unpack_sf.o)
                                0x17f (size before relaxing)
 .debug_str     0x0000027d       0x10 c:/imt_sdk_win_64/imt_sdk_win_64/winavr/bin/../lib/gcc/avr/4.3.3/avr5\libgcc.a(_fpcmp_parts_sf.o)
                                0x163 (size before relaxing)

.debug_loc      0x00000000      0x7ce
 *(.debug_loc)
 .debug_loc     0x00000000       0x34 c:/imt_sdk_win_64/imt_sdk_win_64/winavr/bin/../lib/gcc/avr/4.3.3/avr5\libgcc.a(_fixunssfsi.o)
 .debug_loc     0x00000034      0x32a c:/imt_sdk_win_64/imt_sdk_win_64/winavr/bin/../lib/gcc/avr/4.3.3/avr5\libgcc.a(_addsub_sf.o)
 .debug_loc     0x0000035e      0x104 c:/imt_sdk_win_64/imt_sdk_win_64/winavr/bin/../lib/gcc/avr/4.3.3/avr5\libgcc.a(_mul_sf.o)
 .debug_loc     0x00000462       0x3c c:/imt_sdk_win_64/imt_sdk_win_64/winavr/bin/../lib/gcc/avr/4.3.3/avr5\libgcc.a(_gt_sf.o)
 .debug_loc     0x0000049e       0x3c c:/imt_sdk_win_64/imt_sdk_win_64/winavr/bin/../lib/gcc/avr/4.3.3/avr5\libgcc.a(_ge_sf.o)
 .debug_loc     0x000004da       0x3c c:/imt_sdk_win_64/imt_sdk_win_64/winavr/bin/../lib/gcc/avr/4.3.3/avr5\libgcc.a(_lt_sf.o)
 .debug_loc     0x00000516       0x7e c:/imt_sdk_win_64/imt_sdk_win_64/winavr/bin/../lib/gcc/avr/4.3.3/avr5\libgcc.a(_sf_to_si.o)
 .debug_loc     0x00000594      0x13e c:/imt_sdk_win_64/imt_sdk_win_64/winavr/bin/../lib/gcc/avr/4.3.3/avr5\libgcc.a(_pack_sf.o)
 .debug_loc     0x000006d2       0xac c:/imt_sdk_win_64/imt_sdk_win_64/winavr/bin/../lib/gcc/avr/4.3.3/avr5\libgcc.a(_unpack_sf.o)
 .debug_loc     0x0000077e       0x50 c:/imt_sdk_win_64/imt_sdk_win_64/winavr/bin/../lib/gcc/avr/4.3.3/avr5\libgcc.a(_fpcmp_parts_sf.o)

.debug_macinfo
 *(.debug_macinfo)
OUTPUT(Day17_Day18_08_TIMER1_Servo_ADC_ICU.elf elf32-avr)
LOAD linker stubs

.debug_ranges   0x00000000       0x50
 .debug_ranges  0x00000000       0x50 c:/imt_sdk_win_64/imt_sdk_win_64/winavr/bin/../lib/gcc/avr/4.3.3/avr5\libgcc.a(_mul_sf.o)
