Archive member included because of file (symbol)

c:/imt_sdk_win_64/imt_sdk_win_64/winavr/bin/../lib/gcc/avr/4.3.3/avr5\libgcc.a(_mulsi3.o)
                              ./MCAL/ADC/ADC_Program.o (__mulsi3)
c:/imt_sdk_win_64/imt_sdk_win_64/winavr/bin/../lib/gcc/avr/4.3.3/avr5\libgcc.a(_exit.o)
                              c:/imt_sdk_win_64/imt_sdk_win_64/winavr/bin/../lib/gcc/avr/4.3.3/../../../../avr/lib/avr5/crtm32.o (exit)
c:/imt_sdk_win_64/imt_sdk_win_64/winavr/bin/../lib/gcc/avr/4.3.3/avr5\libgcc.a(_copy_data.o)
                              ./MCAL/UART/UART_Program.o (__do_copy_data)
c:/imt_sdk_win_64/imt_sdk_win_64/winavr/bin/../lib/gcc/avr/4.3.3/avr5\libgcc.a(_clear_bss.o)
                              ./MCAL/UART/UART_Program.o (__do_clear_bss)

Allocating common symbols
Common symbol       size              file

en_uart             0x1               ./MCAL/UART/UART_Program.o

Memory Configuration

Name             Origin             Length             Attributes
text             0x00000000         0x00020000         xr
data             0x00800060         0x0000ffa0         rw !x
eeprom           0x00810000         0x00010000         rw !x
fuse             0x00820000         0x00000400         rw !x
lock             0x00830000         0x00000400         rw !x
signature        0x00840000         0x00000400         rw !x
*default*        0x00000000         0xffffffff

Linker script and memory map

LOAD c:/imt_sdk_win_64/imt_sdk_win_64/winavr/bin/../lib/gcc/avr/4.3.3/../../../../avr/lib/avr5/crtm32.o
LOAD ./MCAL/UART/UART_Program.o
LOAD ./MCAL/GIE/GIE_Program.o
LOAD ./MCAL/DIO/DIO_Program.o
LOAD ./MCAL/ADC/ADC_Program.o
LOAD ./main.o
LOAD c:/imt_sdk_win_64/imt_sdk_win_64/winavr/bin/../lib/gcc/avr/4.3.3/avr5\libgcc.a
LOAD c:/imt_sdk_win_64/imt_sdk_win_64/winavr/bin/../lib/gcc/avr/4.3.3/../../../../avr/lib/avr5\libc.a
LOAD c:/imt_sdk_win_64/imt_sdk_win_64/winavr/bin/../lib/gcc/avr/4.3.3/avr5\libgcc.a

.hash
 *(.hash)

.dynsym
 *(.dynsym)

.dynstr
 *(.dynstr)

.gnu.version
 *(.gnu.version)

.gnu.version_d
 *(.gnu.version_d)

.gnu.version_r
 *(.gnu.version_r)

.rel.init
 *(.rel.init)

.rela.init
 *(.rela.init)

.rel.text
 *(.rel.text)
 *(.rel.text.*)
 *(.rel.gnu.linkonce.t*)

.rela.text
 *(.rela.text)
 *(.rela.text.*)
 *(.rela.gnu.linkonce.t*)

.rel.fini
 *(.rel.fini)

.rela.fini
 *(.rela.fini)

.rel.rodata
 *(.rel.rodata)
 *(.rel.rodata.*)
 *(.rel.gnu.linkonce.r*)

.rela.rodata
 *(.rela.rodata)
 *(.rela.rodata.*)
 *(.rela.gnu.linkonce.r*)

.rel.data
 *(.rel.data)
 *(.rel.data.*)
 *(.rel.gnu.linkonce.d*)

.rela.data
 *(.rela.data)
 *(.rela.data.*)
 *(.rela.gnu.linkonce.d*)

.rel.ctors
 *(.rel.ctors)

.rela.ctors
 *(.rela.ctors)

.rel.dtors
 *(.rel.dtors)

.rela.dtors
 *(.rela.dtors)

.rel.got
 *(.rel.got)

.rela.got
 *(.rela.got)

.rel.bss
 *(.rel.bss)

.rela.bss
 *(.rela.bss)

.rel.plt
 *(.rel.plt)

.rela.plt
 *(.rela.plt)

.text           0x00000000      0xf02
 *(.vectors)
 .vectors       0x00000000       0x54 c:/imt_sdk_win_64/imt_sdk_win_64/winavr/bin/../lib/gcc/avr/4.3.3/../../../../avr/lib/avr5/crtm32.o
                0x00000000                __vectors
                0x00000000                __vector_default
 *(.vectors)
 *(.progmem.gcc*)
 *(.progmem*)
                0x00000054                . = ALIGN (0x2)
                0x00000054                __trampolines_start = .
 *(.trampolines)
 .trampolines   0x00000054        0x0 linker stubs
 *(.trampolines*)
                0x00000054                __trampolines_end = .
 *(.jumptables)
 *(.jumptables*)
 *(.lowtext)
 *(.lowtext*)
                0x00000054                __ctors_start = .
 *(.ctors)
                0x00000054                __ctors_end = .
                0x00000054                __dtors_start = .
 *(.dtors)
                0x00000054                __dtors_end = .
 SORT(*)(.ctors)
 SORT(*)(.dtors)
 *(.init0)
 .init0         0x00000054        0x0 c:/imt_sdk_win_64/imt_sdk_win_64/winavr/bin/../lib/gcc/avr/4.3.3/../../../../avr/lib/avr5/crtm32.o
                0x00000054                __init
 *(.init0)
 *(.init1)
 *(.init1)
 *(.init2)
 .init2         0x00000054        0xc c:/imt_sdk_win_64/imt_sdk_win_64/winavr/bin/../lib/gcc/avr/4.3.3/../../../../avr/lib/avr5/crtm32.o
 *(.init2)
 *(.init3)
 *(.init3)
 *(.init4)
 .init4         0x00000060       0x16 c:/imt_sdk_win_64/imt_sdk_win_64/winavr/bin/../lib/gcc/avr/4.3.3/avr5\libgcc.a(_copy_data.o)
                0x00000060                __do_copy_data
 .init4         0x00000076       0x10 c:/imt_sdk_win_64/imt_sdk_win_64/winavr/bin/../lib/gcc/avr/4.3.3/avr5\libgcc.a(_clear_bss.o)
                0x00000076                __do_clear_bss
 *(.init4)
 *(.init5)
 *(.init5)
 *(.init6)
 *(.init6)
 *(.init7)
 *(.init7)
 *(.init8)
 *(.init8)
 *(.init9)
 .init9         0x00000086        0x8 c:/imt_sdk_win_64/imt_sdk_win_64/winavr/bin/../lib/gcc/avr/4.3.3/../../../../avr/lib/avr5/crtm32.o
 *(.init9)
 *(.text)
 .text          0x0000008e        0x4 c:/imt_sdk_win_64/imt_sdk_win_64/winavr/bin/../lib/gcc/avr/4.3.3/../../../../avr/lib/avr5/crtm32.o
                0x0000008e                __vector_1
                0x0000008e                __vector_12
                0x0000008e                __bad_interrupt
                0x0000008e                __vector_6
                0x0000008e                __vector_3
                0x0000008e                __vector_11
                0x0000008e                __vector_17
                0x0000008e                __vector_19
                0x0000008e                __vector_7
                0x0000008e                __vector_5
                0x0000008e                __vector_4
                0x0000008e                __vector_9
                0x0000008e                __vector_2
                0x0000008e                __vector_15
                0x0000008e                __vector_8
                0x0000008e                __vector_10
                0x0000008e                __vector_16
                0x0000008e                __vector_18
                0x0000008e                __vector_20
 .text          0x00000092        0x0 ./MCAL/UART/UART_Program.o
 .text          0x00000092        0x0 ./MCAL/GIE/GIE_Program.o
 .text          0x00000092        0x0 ./MCAL/DIO/DIO_Program.o
 .text          0x00000092        0x0 ./MCAL/ADC/ADC_Program.o
 .text          0x00000092        0x0 ./main.o
 .text          0x00000092        0x0 c:/imt_sdk_win_64/imt_sdk_win_64/winavr/bin/../lib/gcc/avr/4.3.3/avr5\libgcc.a(_mulsi3.o)
 .text          0x00000092        0x0 c:/imt_sdk_win_64/imt_sdk_win_64/winavr/bin/../lib/gcc/avr/4.3.3/avr5\libgcc.a(_exit.o)
 .text          0x00000092        0x0 c:/imt_sdk_win_64/imt_sdk_win_64/winavr/bin/../lib/gcc/avr/4.3.3/avr5\libgcc.a(_copy_data.o)
 .text          0x00000092        0x0 c:/imt_sdk_win_64/imt_sdk_win_64/winavr/bin/../lib/gcc/avr/4.3.3/avr5\libgcc.a(_clear_bss.o)
                0x00000092                . = ALIGN (0x2)
 *(.text.*)
 .text.UART_Vidinit
                0x00000092      0x206 ./MCAL/UART/UART_Program.o
                0x00000092                UART_Vidinit
 .text.UART_VidReceiverEnable
                0x00000298       0x1c ./MCAL/UART/UART_Program.o
                0x00000298                UART_VidReceiverEnable
 .text.UART_VidReceiverDisable
                0x000002b4       0x1c ./MCAL/UART/UART_Program.o
                0x000002b4                UART_VidReceiverDisable
 .text.UART_VidTransmitterEnable
                0x000002d0       0x1c ./MCAL/UART/UART_Program.o
                0x000002d0                UART_VidTransmitterEnable
 .text.UART_VidTransmitterDisable
                0x000002ec       0x1c ./MCAL/UART/UART_Program.o
                0x000002ec                UART_VidTransmitterDisable
 .text.UART_VidInterruptInit
                0x00000308       0xae ./MCAL/UART/UART_Program.o
                0x00000308                UART_VidInterruptInit
 .text.UART_VidTransmit
                0x000003b6       0x34 ./MCAL/UART/UART_Program.o
                0x000003b6                UART_VidTransmit
 .text.UART_u8Receive
                0x000003ea       0x1e ./MCAL/UART/UART_Program.o
                0x000003ea                UART_u8Receive
 .text.UART_VidSendString
                0x00000408       0x52 ./MCAL/UART/UART_Program.o
                0x00000408                UART_VidSendString
 .text.UART_VidRecString
                0x0000045a       0x7c ./MCAL/UART/UART_Program.o
                0x0000045a                UART_VidRecString
 .text.UART_DataRegEmpty_CallBack
                0x000004d6       0x24 ./MCAL/UART/UART_Program.o
                0x000004d6                UART_DataRegEmpty_CallBack
 .text.__vector_14
                0x000004fa       0x66 ./MCAL/UART/UART_Program.o
                0x000004fa                __vector_14
 .text.RXComplete_CallBack
                0x00000560       0x24 ./MCAL/UART/UART_Program.o
                0x00000560                RXComplete_CallBack
 .text.__vector_13
                0x00000584       0x66 ./MCAL/UART/UART_Program.o
                0x00000584                __vector_13
 .text.GIE_VidEnable
                0x000005ea       0x1c ./MCAL/GIE/GIE_Program.o
                0x000005ea                GIE_VidEnable
 .text.GIE_VidDisable
                0x00000606       0x1c ./MCAL/GIE/GIE_Program.o
                0x00000606                GIE_VidDisable
 .text.DIO_VidSetPinValue
                0x00000622      0x204 ./MCAL/DIO/DIO_Program.o
                0x00000622                DIO_VidSetPinValue
 .text.DIO_VidSetPinDirection
                0x00000826      0x204 ./MCAL/DIO/DIO_Program.o
                0x00000826                DIO_VidSetPinDirection
 .text.DIO_VidGetPinValue
                0x00000a2a      0x108 ./MCAL/DIO/DIO_Program.o
                0x00000a2a                DIO_VidGetPinValue
 .text.DIO_VidSetPortVal
                0x00000b32       0x84 ./MCAL/DIO/DIO_Program.o
                0x00000b32                DIO_VidSetPortVal
 .text.DIO_VidSetPortDirection
                0x00000bb6       0xf6 ./MCAL/DIO/DIO_Program.o
                0x00000bb6                DIO_VidSetPortDirection
 .text.DIO_VidGetPortValue
                0x00000cac       0x9a ./MCAL/DIO/DIO_Program.o
                0x00000cac                DIO_VidGetPortValue
 .text.ADC_VidInit
                0x00000d46       0x70 ./MCAL/ADC/ADC_Program.o
                0x00000d46                ADC_VidInit
 .text.ADC_u8ReadChannel
                0x00000db6       0x6a ./MCAL/ADC/ADC_Program.o
                0x00000db6                ADC_u8ReadChannel
 .text.ADC_f32LCDVoltConv
                0x00000e20       0x40 ./MCAL/ADC/ADC_Program.o
                0x00000e20                ADC_f32LCDVoltConv
 .text.UART_INTRead_TASK
                0x00000e60       0x22 ./main.o
                0x00000e60                UART_INTRead_TASK
 .text.main     0x00000e82       0x3e ./main.o
                0x00000e82                main
 .text.libgcc   0x00000ec0       0x3e c:/imt_sdk_win_64/imt_sdk_win_64/winavr/bin/../lib/gcc/avr/4.3.3/avr5\libgcc.a(_mulsi3.o)
                0x00000ec0                __mulsi3
 .text.libgcc   0x00000efe        0x0 c:/imt_sdk_win_64/imt_sdk_win_64/winavr/bin/../lib/gcc/avr/4.3.3/avr5\libgcc.a(_exit.o)
 .text.libgcc   0x00000efe        0x0 c:/imt_sdk_win_64/imt_sdk_win_64/winavr/bin/../lib/gcc/avr/4.3.3/avr5\libgcc.a(_copy_data.o)
 .text.libgcc   0x00000efe        0x0 c:/imt_sdk_win_64/imt_sdk_win_64/winavr/bin/../lib/gcc/avr/4.3.3/avr5\libgcc.a(_clear_bss.o)
                0x00000efe                . = ALIGN (0x2)
 *(.fini9)
 .fini9         0x00000efe        0x0 c:/imt_sdk_win_64/imt_sdk_win_64/winavr/bin/../lib/gcc/avr/4.3.3/avr5\libgcc.a(_exit.o)
                0x00000efe                exit
                0x00000efe                _exit
 *(.fini9)
 *(.fini8)
 *(.fini8)
 *(.fini7)
 *(.fini7)
 *(.fini6)
 *(.fini6)
 *(.fini5)
 *(.fini5)
 *(.fini4)
 *(.fini4)
 *(.fini3)
 *(.fini3)
 *(.fini2)
 *(.fini2)
 *(.fini1)
 *(.fini1)
 *(.fini0)
 .fini0         0x00000efe        0x4 c:/imt_sdk_win_64/imt_sdk_win_64/winavr/bin/../lib/gcc/avr/4.3.3/avr5\libgcc.a(_exit.o)
 *(.fini0)
                0x00000f02                _etext = .

.data           0x00800060        0x8 load address 0x00000f02
                0x00800060                PROVIDE (__data_start, .)
 *(.data)
 .data          0x00800060        0x0 c:/imt_sdk_win_64/imt_sdk_win_64/winavr/bin/../lib/gcc/avr/4.3.3/../../../../avr/lib/avr5/crtm32.o
 .data          0x00800060        0x0 ./MCAL/UART/UART_Program.o
 .data          0x00800060        0x0 ./MCAL/GIE/GIE_Program.o
 .data          0x00800060        0x0 ./MCAL/DIO/DIO_Program.o
 .data          0x00800060        0x0 ./MCAL/ADC/ADC_Program.o
 .data          0x00800060        0x0 ./main.o
 .data          0x00800060        0x0 c:/imt_sdk_win_64/imt_sdk_win_64/winavr/bin/../lib/gcc/avr/4.3.3/avr5\libgcc.a(_mulsi3.o)
 .data          0x00800060        0x0 c:/imt_sdk_win_64/imt_sdk_win_64/winavr/bin/../lib/gcc/avr/4.3.3/avr5\libgcc.a(_exit.o)
 .data          0x00800060        0x0 c:/imt_sdk_win_64/imt_sdk_win_64/winavr/bin/../lib/gcc/avr/4.3.3/avr5\libgcc.a(_copy_data.o)
 .data          0x00800060        0x0 c:/imt_sdk_win_64/imt_sdk_win_64/winavr/bin/../lib/gcc/avr/4.3.3/avr5\libgcc.a(_clear_bss.o)
 *(.data*)
 .data.UART_INIT
                0x00800060        0x8 ./MCAL/UART/UART_Program.o
                0x00800060                UART_INIT
 *(.rodata)
 *(.rodata*)
 *(.gnu.linkonce.d*)
                0x00800068                . = ALIGN (0x2)
                0x00800068                _edata = .
                0x00800068                PROVIDE (__data_end, .)

.bss            0x00800068        0x8
                0x00800068                PROVIDE (__bss_start, .)
 *(.bss)
 .bss           0x00800068        0x0 c:/imt_sdk_win_64/imt_sdk_win_64/winavr/bin/../lib/gcc/avr/4.3.3/../../../../avr/lib/avr5/crtm32.o
 .bss           0x00800068        0x0 ./MCAL/UART/UART_Program.o
 .bss           0x00800068        0x0 ./MCAL/GIE/GIE_Program.o
 .bss           0x00800068        0x0 ./MCAL/DIO/DIO_Program.o
 .bss           0x00800068        0x0 ./MCAL/ADC/ADC_Program.o
 .bss           0x00800068        0x0 ./main.o
 .bss           0x00800068        0x0 c:/imt_sdk_win_64/imt_sdk_win_64/winavr/bin/../lib/gcc/avr/4.3.3/avr5\libgcc.a(_mulsi3.o)
 .bss           0x00800068        0x0 c:/imt_sdk_win_64/imt_sdk_win_64/winavr/bin/../lib/gcc/avr/4.3.3/avr5\libgcc.a(_exit.o)
 .bss           0x00800068        0x0 c:/imt_sdk_win_64/imt_sdk_win_64/winavr/bin/../lib/gcc/avr/4.3.3/avr5\libgcc.a(_copy_data.o)
 .bss           0x00800068        0x0 c:/imt_sdk_win_64/imt_sdk_win_64/winavr/bin/../lib/gcc/avr/4.3.3/avr5\libgcc.a(_clear_bss.o)
 *(.bss*)
 .bss.UART_INT  0x00800068        0x3 ./MCAL/UART/UART_Program.o
                0x00800068                UART_INT
 .bss.UART_DataRegEmpty_Func
                0x0080006b        0x2 ./MCAL/UART/UART_Program.o
                0x0080006b                UART_DataRegEmpty_Func
 .bss.RXComplete_Func
                0x0080006d        0x2 ./MCAL/UART/UART_Program.o
                0x0080006d                RXComplete_Func
 *(COMMON)
 COMMON         0x0080006f        0x1 ./MCAL/UART/UART_Program.o
                0x0080006f                en_uart
                0x00800070                PROVIDE (__bss_end, .)
                0x00000f02                __data_load_start = LOADADDR (.data)
                0x00000f0a                __data_load_end = (__data_load_start + SIZEOF (.data))

.noinit         0x00800070        0x0
                0x00800070                PROVIDE (__noinit_start, .)
 *(.noinit*)
                0x00800070                PROVIDE (__noinit_end, .)
                0x00800070                _end = .
                0x00800070                PROVIDE (__heap_start, .)

.eeprom         0x00810000        0x0
 *(.eeprom*)
                0x00810000                __eeprom_end = .

.fuse
 *(.fuse)
 *(.lfuse)
 *(.hfuse)
 *(.efuse)

.lock
 *(.lock*)

.signature
 *(.signature*)

.stab           0x00000000     0x1764
 *(.stab)
 .stab          0x00000000      0x8dc ./MCAL/UART/UART_Program.o
 .stab          0x000008dc      0x1bc ./MCAL/GIE/GIE_Program.o
                                0x1c8 (size before relaxing)
 .stab          0x00000a98      0x57c ./MCAL/DIO/DIO_Program.o
                                0x588 (size before relaxing)
 .stab          0x00001014      0x2e8 ./MCAL/ADC/ADC_Program.o
                                0x2f4 (size before relaxing)
 .stab          0x000012fc      0x468 ./main.o
                                0x504 (size before relaxing)

.stabstr        0x00000000     0x13f6
 *(.stabstr)
 .stabstr       0x00000000     0x13f6 ./MCAL/UART/UART_Program.o

.stab.excl
 *(.stab.excl)

.stab.exclstr
 *(.stab.exclstr)

.stab.index
 *(.stab.index)

.stab.indexstr
 *(.stab.indexstr)

.comment
 *(.comment)

.debug
 *(.debug)

.line
 *(.line)

.debug_srcinfo
 *(.debug_srcinfo)

.debug_sfnames
 *(.debug_sfnames)

.debug_aranges
 *(.debug_aranges)

.debug_pubnames
 *(.debug_pubnames)

.debug_info
 *(.debug_info)
 *(.gnu.linkonce.wi.*)

.debug_abbrev
 *(.debug_abbrev)

.debug_line
 *(.debug_line)

.debug_frame
 *(.debug_frame)

.debug_str
 *(.debug_str)

.debug_loc
 *(.debug_loc)

.debug_macinfo
 *(.debug_macinfo)
OUTPUT(Day19_09_USART.elf elf32-avr)
LOAD linker stubs
